[32m[Nest] 7284  - [39m07/08/2026, 09:09:59 [32m    LOG[39m [38;5;3m[NestFactory] [39m[32mStarting Nest application...[39m
[32m[Nest] 7284  - [39m07/08/2026, 09:09:59 [32m    LOG[39m [38;5;3m[InstanceLoader] [39m[32mPrismaModule dependencies initialized[39m[38;5;3m +15ms[39m
[32m[Nest] 7284  - [39m07/08/2026, 09:09:59 [32m    LOG[39m [38;5;3m[InstanceLoader] [39m[32mPassportModule dependencies initialized[39m[38;5;3m +0ms[39m
[32m[Nest] 7284  - [39m07/08/2026, 09:09:59 [32m    LOG[39m [38;5;3m[InstanceLoader] [39m[32mThrottlerModule dependencies initialized[39m[38;5;3m +1ms[39m
[32m[Nest] 7284  - [39m07/08/2026, 09:09:59 [32m    LOG[39m [38;5;3m[InstanceLoader] [39m[32mJwtModule dependencies initialized[39m[38;5;3m +2ms[39m
[32m[Nest] 7284  - [39m07/08/2026, 09:09:59 [32m    LOG[39m [38;5;3m[InstanceLoader] [39m[32mPaymentsModule dependencies initialized[39m[38;5;3m +1ms[39m
[32m[Nest] 7284  - [39m07/08/2026, 09:09:59 [32m    LOG[39m [38;5;3m[InstanceLoader] [39m[32mAppModule dependencies initialized[39m[38;5;3m +1ms[39m
[32m[Nest] 7284  - [39m07/08/2026, 09:09:59 [32m    LOG[39m [38;5;3m[InstanceLoader] [39m[32mCategoriesModule dependencies initialized[39m[38;5;3m +0ms[39m
[32m[Nest] 7284  - [39m07/08/2026, 09:09:59 [32m    LOG[39m [38;5;3m[InstanceLoader] [39m[32mProductsModule dependencies initialized[39m[38;5;3m +0ms[39m
[32m[Nest] 7284  - [39m07/08/2026, 09:09:59 [32m    LOG[39m [38;5;3m[InstanceLoader] [39m[32mSettingsModule dependencies initialized[39m[38;5;3m +0ms[39m
[32m[Nest] 7284  - [39m07/08/2026, 09:09:59 [32m    LOG[39m [38;5;3m[InstanceLoader] [39m[32mPromoCodesModule dependencies initialized[39m[38;5;3m +0ms[39m
[32m[Nest] 7284  - [39m07/08/2026, 09:09:59 [32m    LOG[39m [38;5;3m[InstanceLoader] [39m[32mBranchesModule dependencies initialized[39m[38;5;3m +0ms[39m
[32m[Nest] 7284  - [39m07/08/2026, 09:09:59 [32m    LOG[39m [38;5;3m[InstanceLoader] [39m[32mUsersModule dependencies initialized[39m[38;5;3m +0ms[39m
[32m[Nest] 7284  - [39m07/08/2026, 09:09:59 [32m    LOG[39m [38;5;3m[InstanceLoader] [39m[32mAdminModule dependencies initialized[39m[38;5;3m +0ms[39m
[32m[Nest] 7284  - [39m07/08/2026, 09:09:59 [32m    LOG[39m [38;5;3m[InstanceLoader] [39m[32mBannersModule dependencies initialized[39m[38;5;3m +0ms[39m
[32m[Nest] 7284  - [39m07/08/2026, 09:09:59 [32m    LOG[39m [38;5;3m[InstanceLoader] [39m[32mAuthModule dependencies initialized[39m[38;5;3m +0ms[39m
[32m[Nest] 7284  - [39m07/08/2026, 09:09:59 [32m    LOG[39m [38;5;3m[InstanceLoader] [39m[32mOrdersModule dependencies initialized[39m[38;5;3m +0ms[39m
[32m[Nest] 7284  - [39m07/08/2026, 09:09:59 [32m    LOG[39m [38;5;3m[RoutesResolver] [39m[32mAppController {/api}:[39m[38;5;3m +7ms[39m
[32m[Nest] 7284  - [39m07/08/2026, 09:09:59 [32m    LOG[39m [38;5;3m[RouterExplorer] [39m[32mMapped {/api, GET} route[39m[38;5;3m +3ms[39m
[32m[Nest] 7284  - [39m07/08/2026, 09:09:59 [32m    LOG[39m [38;5;3m[RoutesResolver] [39m[32mCategoriesController {/api/categories}:[39m[38;5;3m +0ms[39m
[32m[Nest] 7284  - [39m07/08/2026, 09:09:59 [32m    LOG[39m [38;5;3m[RouterExplorer] [39m[32mMapped {/api/categories, GET} route[39m[38;5;3m +0ms[39m
[32m[Nest] 7284  - [39m07/08/2026, 09:09:59 [32m    LOG[39m [38;5;3m[RouterExplorer] [39m[32mMapped {/api/categories/:slug, GET} route[39m[38;5;3m +1ms[39m
[32m[Nest] 7284  - [39m07/08/2026, 09:09:59 [32m    LOG[39m [38;5;3m[RouterExplorer] [39m[32mMapped {/api/categories, POST} route[39m[38;5;3m +0ms[39m
[32m[Nest] 7284  - [39m07/08/2026, 09:09:59 [32m    LOG[39m [38;5;3m[RouterExplorer] [39m[32mMapped {/api/categories/:id, PATCH} route[39m[38;5;3m +0ms[39m
[32m[Nest] 7284  - [39m07/08/2026, 09:09:59 [32m    LOG[39m [38;5;3m[RouterExplorer] [39m[32mMapped {/api/categories/:id, DELETE} route[39m[38;5;3m +0ms[39m
[32m[Nest] 7284  - [39m07/08/2026, 09:09:59 [32m    LOG[39m [38;5;3m[RoutesResolver] [39m[32mProductsController {/api/products}:[39m[38;5;3m +0ms[39m
[32m[Nest] 7284  - [39m07/08/2026, 09:09:59 [32m    LOG[39m [38;5;3m[RouterExplorer] [39m[32mMapped {/api/products, GET} route[39m[38;5;3m +1ms[39m
[32m[Nest] 7284  - [39m07/08/2026, 09:09:59 [32m    LOG[39m [38;5;3m[RouterExplorer] [39m[32mMapped {/api/products/:slug, GET} route[39m[38;5;3m +0ms[39m
[32m[Nest] 7284  - [39m07/08/2026, 09:09:59 [32m    LOG[39m [38;5;3m[RouterExplorer] [39m[32mMapped {/api/products/:slug/related, GET} route[39m[38;5;3m +0ms[39m
[32m[Nest] 7284  - [39m07/08/2026, 09:09:59 [32m    LOG[39m [38;5;3m[RouterExplorer] [39m[32mMapped {/api/products, POST} route[39m[38;5;3m +0ms[39m
[32m[Nest] 7284  - [39m07/08/2026, 09:09:59 [32m    LOG[39m [38;5;3m[RouterExplorer] [39m[32mMapped {/api/products/:id, PATCH} route[39m[38;5;3m +0ms[39m
[32m[Nest] 7284  - [39m07/08/2026, 09:09:59 [32m    LOG[39m [38;5;3m[RouterExplorer] [39m[32mMapped {/api/products/:id, DELETE} route[39m[38;5;3m +0ms[39m
[32m[Nest] 7284  - [39m07/08/2026, 09:09:59 [32m    LOG[39m [38;5;3m[RoutesResolver] [39m[32mOrdersController {/api/orders}:[39m[38;5;3m +1ms[39m
[32m[Nest] 7284  - [39m07/08/2026, 09:09:59 [32m    LOG[39m [38;5;3m[RouterExplorer] [39m[32mMapped {/api/orders, POST} route[39m[38;5;3m +0ms[39m
[32m[Nest] 7284  - [39m07/08/2026, 09:09:59 [32m    LOG[39m [38;5;3m[RouterExplorer] [39m[32mMapped {/api/orders/me, GET} route[39m[38;5;3m +0ms[39m
[32m[Nest] 7284  - [39m07/08/2026, 09:09:59 [32m    LOG[39m [38;5;3m[RouterExplorer] [39m[32mMapped {/api/orders, GET} route[39m[38;5;3m +0ms[39m
[32m[Nest] 7284  - [39m07/08/2026, 09:09:59 [32m    LOG[39m [38;5;3m[RouterExplorer] [39m[32mMapped {/api/orders/:idOrNumber, GET} route[39m[38;5;3m +0ms[39m
[32m[Nest] 7284  - [39m07/08/2026, 09:09:59 [32m    LOG[39m [38;5;3m[RouterExplorer] [39m[32mMapped {/api/orders/:id/status, PATCH} route[39m[38;5;3m +0ms[39m
[32m[Nest] 7284  - [39m07/08/2026, 09:09:59 [32m    LOG[39m [38;5;3m[RoutesResolver] [39m[32mSettingsController {/api/settings}:[39m[38;5;3m +0ms[39m
[32m[Nest] 7284  - [39m07/08/2026, 09:09:59 [32m    LOG[39m [38;5;3m[RouterExplorer] [39m[32mMapped {/api/settings, GET} route[39m[38;5;3m +0ms[39m
[32m[Nest] 7284  - [39m07/08/2026, 09:09:59 [32m    LOG[39m [38;5;3m[RouterExplorer] [39m[32mMapped {/api/settings, PATCH} route[39m[38;5;3m +0ms[39m
[32m[Nest] 7284  - [39m07/08/2026, 09:09:59 [32m    LOG[39m [38;5;3m[RoutesResolver] [39m[32mPromoCodesController {/api/promo-codes}:[39m[38;5;3m +0ms[39m
[32m[Nest] 7284  - [39m07/08/2026, 09:09:59 [32m    LOG[39m [38;5;3m[RouterExplorer] [39m[32mMapped {/api/promo-codes/validate, GET} route[39m[38;5;3m +1ms[39m
[32m[Nest] 7284  - [39m07/08/2026, 09:09:59 [32m    LOG[39m [38;5;3m[RouterExplorer] [39m[32mMapped {/api/promo-codes, GET} route[39m[38;5;3m +0ms[39m
[32m[Nest] 7284  - [39m07/08/2026, 09:09:59 [32m    LOG[39m [38;5;3m[RouterExplorer] [39m[32mMapped {/api/promo-codes, POST} route[39m[38;5;3m +0ms[39m
[32m[Nest] 7284  - [39m07/08/2026, 09:09:59 [32m    LOG[39m [38;5;3m[RouterExplorer] [39m[32mMapped {/api/promo-codes/:id, PATCH} route[39m[38;5;3m +0ms[39m
[32m[Nest] 7284  - [39m07/08/2026, 09:09:59 [32m    LOG[39m [38;5;3m[RouterExplorer] [39m[32mMapped {/api/promo-codes/:id, DELETE} route[39m[38;5;3m +0ms[39m
[32m[Nest] 7284  - [39m07/08/2026, 09:09:59 [32m    LOG[39m [38;5;3m[RoutesResolver] [39m[32mBranchesController {/api/branches}:[39m[38;5;3m +0ms[39m
[32m[Nest] 7284  - [39m07/08/2026, 09:09:59 [32m    LOG[39m [38;5;3m[RouterExplorer] [39m[32mMapped {/api/branches, GET} route[39m[38;5;3m +0ms[39m
[32m[Nest] 7284  - [39m07/08/2026, 09:09:59 [32m    LOG[39m [38;5;3m[RouterExplorer] [39m[32mMapped {/api/branches/:id, GET} route[39m[38;5;3m +0ms[39m
[32m[Nest] 7284  - [39m07/08/2026, 09:09:59 [32m    LOG[39m [38;5;3m[RouterExplorer] [39m[32mMapped {/api/branches, POST} route[39m[38;5;3m +0ms[39m
[32m[Nest] 7284  - [39m07/08/2026, 09:09:59 [32m    LOG[39m [38;5;3m[RouterExplorer] [39m[32mMapped {/api/branches/:id, PATCH} route[39m[38;5;3m +0ms[39m
[32m[Nest] 7284  - [39m07/08/2026, 09:09:59 [32m    LOG[39m [38;5;3m[RouterExplorer] [39m[32mMapped {/api/branches/:id, DELETE} route[39m[38;5;3m +0ms[39m
[32m[Nest] 7284  - [39m07/08/2026, 09:09:59 [32m    LOG[39m [38;5;3m[RoutesResolver] [39m[32mAuthController {/api/auth}:[39m[38;5;3m +0ms[39m
[32m[Nest] 7284  - [39m07/08/2026, 09:09:59 [32m    LOG[39m [38;5;3m[RouterExplorer] [39m[32mMapped {/api/auth/otp/request, POST} route[39m[38;5;3m +1ms[39m
[32m[Nest] 7284  - [39m07/08/2026, 09:09:59 [32m    LOG[39m [38;5;3m[RouterExplorer] [39m[32mMapped {/api/auth/otp/verify, POST} route[39m[38;5;3m +0ms[39m
[32m[Nest] 7284  - [39m07/08/2026, 09:09:59 [32m    LOG[39m [38;5;3m[RouterExplorer] [39m[32mMapped {/api/auth/register, POST} route[39m[38;5;3m +0ms[39m
[32m[Nest] 7284  - [39m07/08/2026, 09:09:59 [32m    LOG[39m [38;5;3m[RouterExplorer] [39m[32mMapped {/api/auth/login, POST} route[39m[38;5;3m +0ms[39m
[32m[Nest] 7284  - [39m07/08/2026, 09:09:59 [32m    LOG[39m [38;5;3m[RouterExplorer] [39m[32mMapped {/api/auth/refresh, POST} route[39m[38;5;3m +0ms[39m
[32m[Nest] 7284  - [39m07/08/2026, 09:09:59 [32m    LOG[39m [38;5;3m[RouterExplorer] [39m[32mMapped {/api/auth/me, GET} route[39m[38;5;3m +0ms[39m
[32m[Nest] 7284  - [39m07/08/2026, 09:09:59 [32m    LOG[39m [38;5;3m[RouterExplorer] [39m[32mMapped {/api/auth/me, PATCH} route[39m[38;5;3m +0ms[39m
[32m[Nest] 7284  - [39m07/08/2026, 09:09:59 [32m    LOG[39m [38;5;3m[RoutesResolver] [39m[32mPaymeController {/api/payments/payme}:[39m[38;5;3m +0ms[39m
[32m[Nest] 7284  - [39m07/08/2026, 09:09:59 [32m    LOG[39m [38;5;3m[RouterExplorer] [39m[32mMapped {/api/payments/payme, POST} route[39m[38;5;3m +0ms[39m
[32m[Nest] 7284  - [39m07/08/2026, 09:09:59 [32m    LOG[39m [38;5;3m[RoutesResolver] [39m[32mClickController {/api/payments/click}:[39m[38;5;3m +0ms[39m
[32m[Nest] 7284  - [39m07/08/2026, 09:09:59 [32m    LOG[39m [38;5;3m[RouterExplorer] [39m[32mMapped {/api/payments/click/prepare, POST} route[39m[38;5;3m +0ms[39m
[32m[Nest] 7284  - [39m07/08/2026, 09:09:59 [32m    LOG[39m [38;5;3m[RouterExplorer] [39m[32mMapped {/api/payments/click/complete, POST} route[39m[38;5;3m +0ms[39m
[32m[Nest] 7284  - [39m07/08/2026, 09:09:59 [32m    LOG[39m [38;5;3m[RoutesResolver] [39m[32mPaymentLinksController {/api/payments/link}:[39m[38;5;3m +0ms[39m
[32m[Nest] 7284  - [39m07/08/2026, 09:09:59 [32m    LOG[39m [38;5;3m[RouterExplorer] [39m[32mMapped {/api/payments/link/:orderId, GET} route[39m[38;5;3m +0ms[39m
[32m[Nest] 7284  - [39m07/08/2026, 09:09:59 [32m    LOG[39m [38;5;3m[RoutesResolver] [39m[32mUsersController {/api/users}:[39m[38;5;3m +0ms[39m
[32m[Nest] 7284  - [39m07/08/2026, 09:09:59 [32m    LOG[39m [38;5;3m[RouterExplorer] [39m[32mMapped {/api/users, GET} route[39m[38;5;3m +0ms[39m
[32m[Nest] 7284  - [39m07/08/2026, 09:09:59 [32m    LOG[39m [38;5;3m[RoutesResolver] [39m[32mAdminController {/api/admin}:[39m[38;5;3m +1ms[39m
[32m[Nest] 7284  - [39m07/08/2026, 09:09:59 [32m    LOG[39m [38;5;3m[RouterExplorer] [39m[32mMapped {/api/admin/stats, GET} route[39m[38;5;3m +0ms[39m
[32m[Nest] 7284  - [39m07/08/2026, 09:09:59 [32m    LOG[39m [38;5;3m[RouterExplorer] [39m[32mMapped {/api/admin/delivery-stats, GET} route[39m[38;5;3m +0ms[39m
[32m[Nest] 7284  - [39m07/08/2026, 09:09:59 [32m    LOG[39m [38;5;3m[RouterExplorer] [39m[32mMapped {/api/admin/payments, GET} route[39m[38;5;3m +0ms[39m
[32m[Nest] 7284  - [39m07/08/2026, 09:09:59 [32m    LOG[39m [38;5;3m[RoutesResolver] [39m[32mBannersController {/api/banners}:[39m[38;5;3m +0ms[39m
[32m[Nest] 7284  - [39m07/08/2026, 09:09:59 [32m    LOG[39m [38;5;3m[RouterExplorer] [39m[32mMapped {/api/banners, GET} route[39m[38;5;3m +0ms[39m
[32m[Nest] 7284  - [39m07/08/2026, 09:09:59 [32m    LOG[39m [38;5;3m[RouterExplorer] [39m[32mMapped {/api/banners, POST} route[39m[38;5;3m +0ms[39m
[32m[Nest] 7284  - [39m07/08/2026, 09:09:59 [32m    LOG[39m [38;5;3m[RouterExplorer] [39m[32mMapped {/api/banners/:id, PATCH} route[39m[38;5;3m +0ms[39m
[32m[Nest] 7284  - [39m07/08/2026, 09:09:59 [32m    LOG[39m [38;5;3m[RouterExplorer] [39m[32mMapped {/api/banners/:id, DELETE} route[39m[38;5;3m +0ms[39m
[32m[Nest] 7284  - [39m07/08/2026, 09:09:59 [32m    LOG[39m [38;5;3m[NestApplication] [39m[32mNest application successfully started[39m[38;5;3m +63ms[39m
